MPLINK 4.30.01, Linker
Linker Map File - Created Tue Dec 02 10:56:44 2014

                                 Section Info
                  Section       Type    Address   Location Size(Bytes)
                ---------  ---------  ---------  ---------  ---------
                   .org_0       code   0x000000    program   0x000000
                   .org_1       code   0x000000    program   0x000002
                   .org_2       code   0x000004    program   0x000e60
  .config_2007_SEN_TODO.O       code   0x002007    program   0x000002



                              Program Memory Usage 
                               Start         End      
                           ---------   ---------      
                            0x000000    0x000000      
                            0x000004    0x000733      
                            0x002007    0x002007      
            1842 out of 8453 program addresses used, program memory utilization is 21%



                              Symbols - Sorted by Name
                     Name    Address   Location    Storage File                     
                ---------  ---------  ---------  --------- ---------                
                       A1   0x0001fd    program     static D:\avan\lab4\sen_todo.asm
                BYTE2_CDU   0x0005e1    program     static D:\avan\lab4\VISUALIZAR.INC
                 BYTE_CDU   0x0005c9    program     static D:\avan\lab4\VISUALIZAR.INC
                BYTE_MCDU   0x000610    program     static D:\avan\lab4\VISUALIZAR.INC
         CALCULO_C1_C2_C3   0x00018f    program     static D:\avan\lab4\sen_todo.asm
                CAMBIO_OK   0x0001e6    program     static D:\avan\lab4\sen_todo.asm
                  CC_NO_1   0x00017d    program     static D:\avan\lab4\sen_todo.asm
                  CC_NO_2   0x000186    program     static D:\avan\lab4\sen_todo.asm
                CEN_MAYOR   0x0005fd    program     static D:\avan\lab4\VISUALIZAR.INC
         CICLO_CONTA_RET1   0x000585    program     static D:\avan\lab4\RETARDOS.INC
 CICLO_CONTA_RET100MICROS   0x000578    program     static D:\avan\lab4\RETARDOS.INC
       CICLO_CONTA_RET1MS   0x000592    program     static D:\avan\lab4\RETARDOS.INC
  CICLO_CONTA_RET20MICROS   0x00055f    program     static D:\avan\lab4\RETARDOS.INC
  CICLO_CONTA_RET50MICROS   0x000569    program     static D:\avan\lab4\RETARDOS.INC
                 COMANDO_   0x000099    program     static D:\avan\lab4\sen_todo.asm
             COMANDO_NO_0   0x00016b    program     static D:\avan\lab4\sen_todo.asm
                CONSULTAR   0x00064f    program     static D:\avan\lab4\VISUALIZAR.INC
               DATOH_NO_0   0x00061b    program     static D:\avan\lab4\VISUALIZAR.INC
               DATOH_SI_0   0x000617    program     static D:\avan\lab4\VISUALIZAR.INC
           DECREMENTA_DIF   0x0005ce    program     static D:\avan\lab4\VISUALIZAR.INC
    DECREMENTO_CONTA_RET2   0x0005ba    program     static D:\avan\lab4\RETARDOS.INC
               DEC_DIF_10   0x0005dd    program     static D:\avan\lab4\VISUALIZAR.INC
                DEC_DIF_2   0x0005e3    program     static D:\avan\lab4\VISUALIZAR.INC
             DEC_IGUAL_10   0x0005de    program     static D:\avan\lab4\VISUALIZAR.INC
              DEC_MAYOR10   0x0005f6    program     static D:\avan\lab4\VISUALIZAR.INC
           DIFERENTE_DE_1   0x000626    program     static D:\avan\lab4\VISUALIZAR.INC
           DIFERENTE_DE_2   0x000631    program     static D:\avan\lab4\VISUALIZAR.INC
           DIFERENTE_DE_3   0x00063c    program     static D:\avan\lab4\VISUALIZAR.INC
           DIFERENTE_DE_4   0x000648    program     static D:\avan\lab4\VISUALIZAR.INC
                DIF_MAYOR   0x000600    program     static D:\avan\lab4\VISUALIZAR.INC
       DIF_MAYOR_IGUAL_10   0x0005d5    program     static D:\avan\lab4\VISUALIZAR.INC
               DIVIH_NO_0   0x000693    program     static D:\avan\lab4\VISUALIZAR.INC
            DIVISOR_MAYOR   0x00068d    program     static D:\avan\lab4\VISUALIZAR.INC
                DIVI_16_8   0x000676    program     static D:\avan\lab4\VISUALIZAR.INC
                DIVI_NO_0   0x00067f    program     static D:\avan\lab4\VISUALIZAR.INC
         EEPROM_DIRECCION   0x0006e9    program     static D:\avan\lab4\EPROM.INC   
          EEPROM_ESCRIBIR   0x0006ee    program     static D:\avan\lab4\EPROM.INC   
              EEPROM_LEER   0x000700    program     static D:\avan\lab4\EPROM.INC   
           ENCONTRO_TECLA   0x000089    program     static D:\avan\lab4\sen_todo.asm
            ENVIA_COMANDO   0x00069b    program     static D:\avan\lab4\LCD8BIT.INC 
               EPROM_LEER   0x000704    program     static D:\avan\lab4\EPROM.INC   
             EPROM_L_BIEN   0x000246    program     static D:\avan\lab4\sen_todo.asm
             EPROM_T_BIEN   0x00026e    program     static D:\avan\lab4\sen_todo.asm
         ERROR_PARAMETROS   0x000016    program     static D:\avan\lab4\sen_todo.asm
     ERROR_PARAMETROS_LUM   0x000421    program     static D:\avan\lab4\sen_todo.asm
     ERROR_PARAMETROS_TEM   0x0003f2    program     static D:\avan\lab4\sen_todo.asm
                  ESPERAR   0x00071b    program     static D:\avan\lab4\RS232.INC   
    ESPERAR_LEVANTAR_DEDO   0x00003a    program     static D:\avan\lab4\sen_todo.asm
            ESPERAR_START   0x000724    program     static D:\avan\lab4\RS232.INC   
                     ES_1   0x00071a    program     static D:\avan\lab4\RS232.INC   
            EVALUAR_L_LUM   0x000419    program     static D:\avan\lab4\sen_todo.asm
           EVALUAR_L_TEMP   0x0003ea    program     static D:\avan\lab4\sen_todo.asm
            EVALUAR_MAX_L   0x00045c    program     static D:\avan\lab4\sen_todo.asm
            EVALUAR_MAX_T   0x0004bf    program     static D:\avan\lab4\sen_todo.asm
            EVALUAR_MIN_T   0x0004b1    program     static D:\avan\lab4\sen_todo.asm
           EVALUAR_NUMERO   0x000391    program     static D:\avan\lab4\sen_todo.asm
         EVALUAR_NUMEROC2   0x00039d    program     static D:\avan\lab4\sen_todo.asm
        EVALUAR_NUMERO_C3   0x0003a9    program     static D:\avan\lab4\sen_todo.asm
       EVALUAR_SENSOR_LUM   0x000410    program     static D:\avan\lab4\sen_todo.asm
         FIN_INTERRUPCION   0x0001ff    program     static D:\avan\lab4\sen_todo.asm
                   INICIO   0x000200    program     static D:\avan\lab4\sen_todo.asm
             INTERRUPCION   0x000049    program     static D:\avan\lab4\sen_todo.asm
                LCD_BORRA   0x0006c8    program     static D:\avan\lab4\LCD8BIT.INC 
             LCD_CARACTER   0x0006e1    program     static D:\avan\lab4\LCD8BIT.INC 
            LCD_CURSORINC   0x0006cd    program     static D:\avan\lab4\LCD8BIT.INC 
             LCD_CURSORON   0x0006dc    program     static D:\avan\lab4\LCD8BIT.INC 
                LCD_FILA1   0x0006d2    program     static D:\avan\lab4\LCD8BIT.INC 
                LCD_FILA2   0x0006d7    program     static D:\avan\lab4\LCD8BIT.INC 
           LCD_INICIALIZA   0x0006a1    program     static D:\avan\lab4\LCD8BIT.INC 
                 LEER_BIT   0x000727    program     static D:\avan\lab4\RS232.INC   
              LEER_CONVER   0x000649    program     static D:\avan\lab4\VISUALIZAR.INC
               LEER_RS232   0x0002e5    program     static D:\avan\lab4\sen_todo.asm
                    LEE_1   0x00072b    program     static D:\avan\lab4\RS232.INC   
                  MCP9701   0x0004cf    program     static D:\avan\lab4\sen_todo.asm
              MULTIP_16X8   0x000658    program     static D:\avan\lab4\VISUALIZAR.INC
                 NEGATIVO   0x0004c4    program     static D:\avan\lab4\sen_todo.asm
                     NO_A   0x0000d3    program     static D:\avan\lab4\sen_todo.asm
                     NO_B   0x000107    program     static D:\avan\lab4\sen_todo.asm
                     NO_C   0x000138    program     static D:\avan\lab4\sen_todo.asm
                  NO_ES_A   0x000311    program     static D:\avan\lab4\sen_todo.asm
          NO_ES_ASTERISCO   0x000093    program     static D:\avan\lab4\sen_todo.asm
                  NO_ES_B   0x00033a    program     static D:\avan\lab4\sen_todo.asm
                  NO_ES_C   0x000363    program     static D:\avan\lab4\sen_todo.asm
                  NO_ES_D   0x00038c    program     static D:\avan\lab4\sen_todo.asm
            NO_ES_MAX_LUM   0x0001d7    program     static D:\avan\lab4\sen_todo.asm
           NO_ES_MAX_TEMP   0x0001b9    program     static D:\avan\lab4\sen_todo.asm
           NO_ES_MIN_TEMP   0x0001c8    program     static D:\avan\lab4\sen_todo.asm
       NO_TERMINA_DE_LEER   0x000708    program     static D:\avan\lab4\EPROM.INC   
      NO_TERMINA_ESCRIBIR   0x0006f9    program     static D:\avan\lab4\EPROM.INC   
          PARAMETROS_BIEN   0x000439    program     static D:\avan\lab4\sen_todo.asm
                 POSITIVO   0x000496    program     static D:\avan\lab4\sen_todo.asm
                PRINCIPAL   0x000270    program     static D:\avan\lab4\sen_todo.asm
      RECARGAR_CONTA_RET2   0x0005b4    program     static D:\avan\lab4\RETARDOS.INC
        RETARDO_100MICROS   0x000576    program     static D:\avan\lab4\RETARDOS.INC
             RETARDO_10MS   0x0005a1    program     static D:\avan\lab4\RETARDOS.INC
        RETARDO_150MICROS   0x000580    program     static D:\avan\lab4\RETARDOS.INC
              RETARDO_1MS   0x000590    program     static D:\avan\lab4\RETARDOS.INC
               RETARDO_1S   0x0005c6    program     static D:\avan\lab4\RETARDOS.INC
         RETARDO_20MICROS   0x00055d    program     static D:\avan\lab4\RETARDOS.INC
             RETARDO_20MS   0x0005a7    program     static D:\avan\lab4\RETARDOS.INC
              RETARDO_2MS   0x000583    program     static D:\avan\lab4\RETARDOS.INC
            RETARDO_500MS   0x0005b2    program     static D:\avan\lab4\RETARDOS.INC
         RETARDO_50MICROS   0x000567    program     static D:\avan\lab4\RETARDOS.INC
              RETARDO_5MS   0x00059d    program     static D:\avan\lab4\RETARDOS.INC
                    ROTAR   0x000715    program     static D:\avan\lab4\RS232.INC   
              ROTAR_LEIDO   0x00072c    program     static D:\avan\lab4\RS232.INC   
            RS232_ESCRIBE   0x000710    program     static D:\avan\lab4\RS232.INC   
                RS232_LEE   0x000722    program     static D:\avan\lab4\RS232.INC   
                  SEGUIR1   0x000672    program     static D:\avan\lab4\VISUALIZAR.INC
               SEGUIR_BOM   0x000460    program     static D:\avan\lab4\sen_todo.asm
               SEGUIR_CAL   0x0004b5    program     static D:\avan\lab4\sen_todo.asm
               SEGUIR_VEN   0x0004c3    program     static D:\avan\lab4\sen_todo.asm
                 SENSORES   0x000275    program     static D:\avan\lab4\sen_todo.asm
           SIGUE_RESTANDO   0x000682    program     static D:\avan\lab4\VISUALIZAR.INC
                SIGUIENTE   0x00066b    program     static D:\avan\lab4\VISUALIZAR.INC
               SIGUIENTE1   0x000673    program     static D:\avan\lab4\VISUALIZAR.INC
           TABLA_CARACTER   0x000005    program     static D:\avan\lab4\sen_todo.asm
                  TECLADO   0x0003bf    program     static D:\avan\lab4\sen_todo.asm
              UNI_MAYOR10   0x0005ee    program     static D:\avan\lab4\VISUALIZAR.INC
                      UNO   0x000664    program     static D:\avan\lab4\VISUALIZAR.INC



                              Symbols - Sorted by Address
                     Name    Address   Location    Storage File                     
                ---------  ---------  ---------  --------- ---------                
           TABLA_CARACTER   0x000005    program     static D:\avan\lab4\sen_todo.asm
         ERROR_PARAMETROS   0x000016    program     static D:\avan\lab4\sen_todo.asm
    ESPERAR_LEVANTAR_DEDO   0x00003a    program     static D:\avan\lab4\sen_todo.asm
             INTERRUPCION   0x000049    program     static D:\avan\lab4\sen_todo.asm
           ENCONTRO_TECLA   0x000089    program     static D:\avan\lab4\sen_todo.asm
          NO_ES_ASTERISCO   0x000093    program     static D:\avan\lab4\sen_todo.asm
                 COMANDO_   0x000099    program     static D:\avan\lab4\sen_todo.asm
                     NO_A   0x0000d3    program     static D:\avan\lab4\sen_todo.asm
                     NO_B   0x000107    program     static D:\avan\lab4\sen_todo.asm
                     NO_C   0x000138    program     static D:\avan\lab4\sen_todo.asm
             COMANDO_NO_0   0x00016b    program     static D:\avan\lab4\sen_todo.asm
                  CC_NO_1   0x00017d    program     static D:\avan\lab4\sen_todo.asm
                  CC_NO_2   0x000186    program     static D:\avan\lab4\sen_todo.asm
         CALCULO_C1_C2_C3   0x00018f    program     static D:\avan\lab4\sen_todo.asm
           NO_ES_MAX_TEMP   0x0001b9    program     static D:\avan\lab4\sen_todo.asm
           NO_ES_MIN_TEMP   0x0001c8    program     static D:\avan\lab4\sen_todo.asm
            NO_ES_MAX_LUM   0x0001d7    program     static D:\avan\lab4\sen_todo.asm
                CAMBIO_OK   0x0001e6    program     static D:\avan\lab4\sen_todo.asm
                       A1   0x0001fd    program     static D:\avan\lab4\sen_todo.asm
         FIN_INTERRUPCION   0x0001ff    program     static D:\avan\lab4\sen_todo.asm
                   INICIO   0x000200    program     static D:\avan\lab4\sen_todo.asm
             EPROM_L_BIEN   0x000246    program     static D:\avan\lab4\sen_todo.asm
             EPROM_T_BIEN   0x00026e    program     static D:\avan\lab4\sen_todo.asm
                PRINCIPAL   0x000270    program     static D:\avan\lab4\sen_todo.asm
                 SENSORES   0x000275    program     static D:\avan\lab4\sen_todo.asm
               LEER_RS232   0x0002e5    program     static D:\avan\lab4\sen_todo.asm
                  NO_ES_A   0x000311    program     static D:\avan\lab4\sen_todo.asm
                  NO_ES_B   0x00033a    program     static D:\avan\lab4\sen_todo.asm
                  NO_ES_C   0x000363    program     static D:\avan\lab4\sen_todo.asm
                  NO_ES_D   0x00038c    program     static D:\avan\lab4\sen_todo.asm
           EVALUAR_NUMERO   0x000391    program     static D:\avan\lab4\sen_todo.asm
         EVALUAR_NUMEROC2   0x00039d    program     static D:\avan\lab4\sen_todo.asm
        EVALUAR_NUMERO_C3   0x0003a9    program     static D:\avan\lab4\sen_todo.asm
                  TECLADO   0x0003bf    program     static D:\avan\lab4\sen_todo.asm
           EVALUAR_L_TEMP   0x0003ea    program     static D:\avan\lab4\sen_todo.asm
     ERROR_PARAMETROS_TEM   0x0003f2    program     static D:\avan\lab4\sen_todo.asm
       EVALUAR_SENSOR_LUM   0x000410    program     static D:\avan\lab4\sen_todo.asm
            EVALUAR_L_LUM   0x000419    program     static D:\avan\lab4\sen_todo.asm
     ERROR_PARAMETROS_LUM   0x000421    program     static D:\avan\lab4\sen_todo.asm
          PARAMETROS_BIEN   0x000439    program     static D:\avan\lab4\sen_todo.asm
            EVALUAR_MAX_L   0x00045c    program     static D:\avan\lab4\sen_todo.asm
               SEGUIR_BOM   0x000460    program     static D:\avan\lab4\sen_todo.asm
                 POSITIVO   0x000496    program     static D:\avan\lab4\sen_todo.asm
            EVALUAR_MIN_T   0x0004b1    program     static D:\avan\lab4\sen_todo.asm
               SEGUIR_CAL   0x0004b5    program     static D:\avan\lab4\sen_todo.asm
            EVALUAR_MAX_T   0x0004bf    program     static D:\avan\lab4\sen_todo.asm
               SEGUIR_VEN   0x0004c3    program     static D:\avan\lab4\sen_todo.asm
                 NEGATIVO   0x0004c4    program     static D:\avan\lab4\sen_todo.asm
                  MCP9701   0x0004cf    program     static D:\avan\lab4\sen_todo.asm
         RETARDO_20MICROS   0x00055d    program     static D:\avan\lab4\RETARDOS.INC
  CICLO_CONTA_RET20MICROS   0x00055f    program     static D:\avan\lab4\RETARDOS.INC
         RETARDO_50MICROS   0x000567    program     static D:\avan\lab4\RETARDOS.INC
  CICLO_CONTA_RET50MICROS   0x000569    program     static D:\avan\lab4\RETARDOS.INC
        RETARDO_100MICROS   0x000576    program     static D:\avan\lab4\RETARDOS.INC
 CICLO_CONTA_RET100MICROS   0x000578    program     static D:\avan\lab4\RETARDOS.INC
        RETARDO_150MICROS   0x000580    program     static D:\avan\lab4\RETARDOS.INC
              RETARDO_2MS   0x000583    program     static D:\avan\lab4\RETARDOS.INC
         CICLO_CONTA_RET1   0x000585    program     static D:\avan\lab4\RETARDOS.INC
              RETARDO_1MS   0x000590    program     static D:\avan\lab4\RETARDOS.INC
       CICLO_CONTA_RET1MS   0x000592    program     static D:\avan\lab4\RETARDOS.INC
              RETARDO_5MS   0x00059d    program     static D:\avan\lab4\RETARDOS.INC
             RETARDO_10MS   0x0005a1    program     static D:\avan\lab4\RETARDOS.INC
             RETARDO_20MS   0x0005a7    program     static D:\avan\lab4\RETARDOS.INC
            RETARDO_500MS   0x0005b2    program     static D:\avan\lab4\RETARDOS.INC
      RECARGAR_CONTA_RET2   0x0005b4    program     static D:\avan\lab4\RETARDOS.INC
    DECREMENTO_CONTA_RET2   0x0005ba    program     static D:\avan\lab4\RETARDOS.INC
               RETARDO_1S   0x0005c6    program     static D:\avan\lab4\RETARDOS.INC
                 BYTE_CDU   0x0005c9    program     static D:\avan\lab4\VISUALIZAR.INC
           DECREMENTA_DIF   0x0005ce    program     static D:\avan\lab4\VISUALIZAR.INC
       DIF_MAYOR_IGUAL_10   0x0005d5    program     static D:\avan\lab4\VISUALIZAR.INC
               DEC_DIF_10   0x0005dd    program     static D:\avan\lab4\VISUALIZAR.INC
             DEC_IGUAL_10   0x0005de    program     static D:\avan\lab4\VISUALIZAR.INC
                BYTE2_CDU   0x0005e1    program     static D:\avan\lab4\VISUALIZAR.INC
                DEC_DIF_2   0x0005e3    program     static D:\avan\lab4\VISUALIZAR.INC
              UNI_MAYOR10   0x0005ee    program     static D:\avan\lab4\VISUALIZAR.INC
              DEC_MAYOR10   0x0005f6    program     static D:\avan\lab4\VISUALIZAR.INC
                CEN_MAYOR   0x0005fd    program     static D:\avan\lab4\VISUALIZAR.INC
                DIF_MAYOR   0x000600    program     static D:\avan\lab4\VISUALIZAR.INC
                BYTE_MCDU   0x000610    program     static D:\avan\lab4\VISUALIZAR.INC
               DATOH_SI_0   0x000617    program     static D:\avan\lab4\VISUALIZAR.INC
               DATOH_NO_0   0x00061b    program     static D:\avan\lab4\VISUALIZAR.INC
           DIFERENTE_DE_1   0x000626    program     static D:\avan\lab4\VISUALIZAR.INC
           DIFERENTE_DE_2   0x000631    program     static D:\avan\lab4\VISUALIZAR.INC
           DIFERENTE_DE_3   0x00063c    program     static D:\avan\lab4\VISUALIZAR.INC
           DIFERENTE_DE_4   0x000648    program     static D:\avan\lab4\VISUALIZAR.INC
              LEER_CONVER   0x000649    program     static D:\avan\lab4\VISUALIZAR.INC
                CONSULTAR   0x00064f    program     static D:\avan\lab4\VISUALIZAR.INC
              MULTIP_16X8   0x000658    program     static D:\avan\lab4\VISUALIZAR.INC
                      UNO   0x000664    program     static D:\avan\lab4\VISUALIZAR.INC
                SIGUIENTE   0x00066b    program     static D:\avan\lab4\VISUALIZAR.INC
                  SEGUIR1   0x000672    program     static D:\avan\lab4\VISUALIZAR.INC
               SIGUIENTE1   0x000673    program     static D:\avan\lab4\VISUALIZAR.INC
                DIVI_16_8   0x000676    program     static D:\avan\lab4\VISUALIZAR.INC
                DIVI_NO_0   0x00067f    program     static D:\avan\lab4\VISUALIZAR.INC
           SIGUE_RESTANDO   0x000682    program     static D:\avan\lab4\VISUALIZAR.INC
            DIVISOR_MAYOR   0x00068d    program     static D:\avan\lab4\VISUALIZAR.INC
               DIVIH_NO_0   0x000693    program     static D:\avan\lab4\VISUALIZAR.INC
            ENVIA_COMANDO   0x00069b    program     static D:\avan\lab4\LCD8BIT.INC 
           LCD_INICIALIZA   0x0006a1    program     static D:\avan\lab4\LCD8BIT.INC 
                LCD_BORRA   0x0006c8    program     static D:\avan\lab4\LCD8BIT.INC 
            LCD_CURSORINC   0x0006cd    program     static D:\avan\lab4\LCD8BIT.INC 
                LCD_FILA1   0x0006d2    program     static D:\avan\lab4\LCD8BIT.INC 
                LCD_FILA2   0x0006d7    program     static D:\avan\lab4\LCD8BIT.INC 
             LCD_CURSORON   0x0006dc    program     static D:\avan\lab4\LCD8BIT.INC 
             LCD_CARACTER   0x0006e1    program     static D:\avan\lab4\LCD8BIT.INC 
         EEPROM_DIRECCION   0x0006e9    program     static D:\avan\lab4\EPROM.INC   
          EEPROM_ESCRIBIR   0x0006ee    program     static D:\avan\lab4\EPROM.INC   
      NO_TERMINA_ESCRIBIR   0x0006f9    program     static D:\avan\lab4\EPROM.INC   
              EEPROM_LEER   0x000700    program     static D:\avan\lab4\EPROM.INC   
               EPROM_LEER   0x000704    program     static D:\avan\lab4\EPROM.INC   
       NO_TERMINA_DE_LEER   0x000708    program     static D:\avan\lab4\EPROM.INC   
            RS232_ESCRIBE   0x000710    program     static D:\avan\lab4\RS232.INC   
                    ROTAR   0x000715    program     static D:\avan\lab4\RS232.INC   
                     ES_1   0x00071a    program     static D:\avan\lab4\RS232.INC   
                  ESPERAR   0x00071b    program     static D:\avan\lab4\RS232.INC   
                RS232_LEE   0x000722    program     static D:\avan\lab4\RS232.INC   
            ESPERAR_START   0x000724    program     static D:\avan\lab4\RS232.INC   
                 LEER_BIT   0x000727    program     static D:\avan\lab4\RS232.INC   
                    LEE_1   0x00072b    program     static D:\avan\lab4\RS232.INC   
              ROTAR_LEIDO   0x00072c    program     static D:\avan\lab4\RS232.INC   


